000 (33218.000.000) 2026-07-20 13:57:50 Job submitted from host: <134.61.13.60:9618?addrs=134.61.13.60-9618&alias=lx3a60.physik.rwth-aachen.de&noUDP&sock=schedd_3959_1f88>
...
040 (33218.000.000) 2026-07-20 13:57:56 Started transferring input files
	Transferring to host: <134.61.5.48:9618?addrs=134.61.5.48-9618&alias=lx1b48.physik.rwth-aachen.de&noUDP&sock=slot1_3_3864_4996_266>
...
040 (33218.000.000) 2026-07-20 13:57:56 Finished transferring input files
...
001 (33218.000.000) 2026-07-20 13:57:57 Job executing on host: <134.61.5.48:9618?addrs=134.61.5.48-9618&alias=lx1b48.physik.rwth-aachen.de&noUDP&sock=startd_3745_5644>
	SlotName: slot1_3@lx1b48.physik.rwth-aachen.de
	CondorScratchDir = "/user/condor/execute/dir_204122"
	Cpus = 1
	Disk = 513024
	Memory = 8192
...
006 (33218.000.000) 2026-07-20 13:58:05 Image size of job updated: 555260
	543  -  MemoryUsage of job (MB)
	555260  -  ResidentSetSize of job (KB)
...
006 (33218.000.000) 2026-07-20 13:59:37 Image size of job updated: 2283656
	1779  -  MemoryUsage of job (MB)
	1821284  -  ResidentSetSize of job (KB)
...
004 (33218.000.000) 2026-07-20 13:59:37 Job was evicted. Code 1009 Subcode 0
	(0) CPU times
		Usr 0 00:01:27, Sys 0 00:00:02  -  Run Remote Usage
		Usr 0 00:00:00, Sys 0 00:00:00  -  Run Local Usage
	0  -  Run Bytes Sent By Job
	1736  -  Run Bytes Received By Job
	Reason: Claim deactivated
	Partitionable Resources :    Usage  Request Allocated 
	   Cpus                 :        0        1         1 
	   Disk (KB)            :       55   512000    513024 
	   Memory (MB)          :     1779     8192      8192 
	   TimeExecute (s)      :      100                    
	   TimeSlotBusy (s)     :      101                    
...
009 (33218.000.000) 2026-07-20 13:59:37 Job was aborted.
	via condor_rm (by user tacke)
...
