000 (33220.000.000) 2026-07-20 14:01:32 Job submitted from host: <134.61.13.60:9618?addrs=134.61.13.60-9618&alias=lx3a60.physik.rwth-aachen.de&noUDP&sock=schedd_3959_1f88>
...
040 (33220.000.000) 2026-07-20 14:01:34 Started transferring input files
	Transferring to host: <134.61.13.47:9618?addrs=134.61.13.47-9618&alias=lx3a47.physik.rwth-aachen.de&noUDP&sock=slot1_1_367253_b62f_18482>
...
040 (33220.000.000) 2026-07-20 14:01:34 Finished transferring input files
...
001 (33220.000.000) 2026-07-20 14:01:35 Job executing on host: <134.61.13.47:9618?addrs=134.61.13.47-9618&alias=lx3a47.physik.rwth-aachen.de&noUDP&sock=startd_4349_a178>
	SlotName: slot1_1@lx3a47.physik.rwth-aachen.de
	CondorScratchDir = "/user/condor/execute/dir_4136108"
	Cpus = 1
	Disk = 513024
	Memory = 8192
...
006 (33220.000.000) 2026-07-20 14:01:43 Image size of job updated: 555464
	543  -  MemoryUsage of job (MB)
	555464  -  ResidentSetSize of job (KB)
...
006 (33220.000.000) 2026-07-20 14:06:43 Image size of job updated: 3931220
	3840  -  MemoryUsage of job (MB)
	3931220  -  ResidentSetSize of job (KB)
...
006 (33220.000.000) 2026-07-20 14:11:44 Image size of job updated: 3959680
	3867  -  MemoryUsage of job (MB)
	3959680  -  ResidentSetSize of job (KB)
...
006 (33220.000.000) 2026-07-20 14:16:45 Image size of job updated: 3987796
	3895  -  MemoryUsage of job (MB)
	3987796  -  ResidentSetSize of job (KB)
...
006 (33220.000.000) 2026-07-20 14:21:46 Image size of job updated: 4015824
	3920  -  MemoryUsage of job (MB)
	4013732  -  ResidentSetSize of job (KB)
...
006 (33220.000.000) 2026-07-20 14:26:47 Image size of job updated: 4025112
	3920  -  MemoryUsage of job (MB)
	4013732  -  ResidentSetSize of job (KB)
...
