000 (33219.000.000) 2026-07-20 13:58:13 Job submitted from host: <134.61.13.60:9618?addrs=134.61.13.60-9618&alias=lx3a60.physik.rwth-aachen.de&noUDP&sock=schedd_3959_1f88>
...
040 (33219.000.000) 2026-07-20 13:58:17 Started transferring input files
	Transferring to host: <134.61.5.48:9618?addrs=134.61.5.48-9618&alias=lx1b48.physik.rwth-aachen.de&noUDP&sock=slot1_4_3864_4996_267>
...
040 (33219.000.000) 2026-07-20 13:58:17 Finished transferring input files
...
001 (33219.000.000) 2026-07-20 13:58:18 Job executing on host: <134.61.5.48:9618?addrs=134.61.5.48-9618&alias=lx1b48.physik.rwth-aachen.de&noUDP&sock=startd_3745_5644>
	SlotName: slot1_4@lx1b48.physik.rwth-aachen.de
	CondorScratchDir = "/user/condor/execute/dir_204180"
	Cpus = 1
	Disk = 513024
	Memory = 8192
...
006 (33219.000.000) 2026-07-20 13:58:27 Image size of job updated: 555216
	543  -  MemoryUsage of job (MB)
	555216  -  ResidentSetSize of job (KB)
...
006 (33219.000.000) 2026-07-20 13:59:17 Image size of job updated: 2401040
	2238  -  MemoryUsage of job (MB)
	2291400  -  ResidentSetSize of job (KB)
...
004 (33219.000.000) 2026-07-20 13:59:17 Job was evicted. Code 1009 Subcode 0
	(0) CPU times
		Usr 0 00:00:55, Sys 0 00:00:02  -  Run Remote Usage
		Usr 0 00:00:00, Sys 0 00:00:00  -  Run Local Usage
	0  -  Run Bytes Sent By Job
	1736  -  Run Bytes Received By Job
	Reason: Claim deactivated
	Partitionable Resources :    Usage  Request Allocated 
	   Cpus                 :        0        1         1 
	   Disk (KB)            :       55   512000    513024 
	   Memory (MB)          :     2238     8192      8192 
	   TimeExecute (s)      :       59                    
	   TimeSlotBusy (s)     :       60                    
...
009 (33219.000.000) 2026-07-20 13:59:17 Job was aborted.
	via condor_rm (by user tacke)
...
