000 (33216.000.000) 2026-07-20 13:52:06 Job submitted from host: <134.61.13.60:9618?addrs=134.61.13.60-9618&alias=lx3a60.physik.rwth-aachen.de&noUDP&sock=schedd_3959_1f88>
...
040 (33216.000.000) 2026-07-20 13:52:53 Started transferring input files
	Transferring to host: <134.61.13.47:9618?addrs=134.61.13.47-9618&alias=lx3a47.physik.rwth-aachen.de&noUDP&sock=slot1_1_367253_b62f_18457>
...
040 (33216.000.000) 2026-07-20 13:52:53 Finished transferring input files
...
001 (33216.000.000) 2026-07-20 13:52:54 Job executing on host: <134.61.13.47:9618?addrs=134.61.13.47-9618&alias=lx3a47.physik.rwth-aachen.de&noUDP&sock=startd_4349_a178>
	SlotName: slot1_1@lx3a47.physik.rwth-aachen.de
	CondorScratchDir = "/user/condor/execute/dir_4127614"
	Cpus = 1
	Disk = 513024
	Memory = 8192
...
006 (33216.000.000) 2026-07-20 13:53:00 Image size of job updated: 91900
	0  -  MemoryUsage of job (MB)
	0  -  ResidentSetSize of job (KB)
...
040 (33216.000.000) 2026-07-20 13:53:00 Started transferring output files
...
040 (33216.000.000) 2026-07-20 13:53:01 Finished transferring output files
...
005 (33216.000.000) 2026-07-20 13:53:01 Job terminated.
	(1) Normal termination (return value 0)
		Usr 0 00:00:00, Sys 0 00:00:00  -  Run Remote Usage
		Usr 0 00:00:00, Sys 0 00:00:00  -  Run Local Usage
		Usr 0 00:00:00, Sys 0 00:00:00  -  Total Remote Usage
		Usr 0 00:00:00, Sys 0 00:00:00  -  Total Local Usage
	2359  -  Run Bytes Sent By Job
	1736  -  Run Bytes Received By Job
	2359  -  Total Bytes Sent By Job
	1736  -  Total Bytes Received By Job
	Partitionable Resources :    Usage  Request Allocated 
	   Cpus                 :        0        1         1 
	   Disk (KB)            :       24   512000    513024 
	   Memory (MB)          :        0     8192      8192 
	   TimeExecute (s)      :        6                    
	   TimeSlotBusy (s)     :        8                    
...
